// Jest Snapshot v1, https://goo.gl/fbAQLP

exports[`App Tests Default State Tests should display valid html 1`] = `
<div
  className="container"
>
  <button
    className="toggle__btn button--off"
    onClick={[Function]}
  >
    START TIMER
  </button>
  <div />
  <div
    className="history__container"
  >
    <div
      className="history__list"
    >
      <p
        className="history__item--centered"
      >
        NO TIMERS
      </p>
    </div>
    <div
      className="history__total"
    >
      Total Time - 
      None
    </div>
  </div>
  <div>
    <audio
      id="audio-element"
    >
      <source
        src="warning.mp3"
      />
    </audio>
  </div>
</div>
`;
